<html>
<body>
<pre>
<h1>µVision Build Log</h1>
<h2>Project:</h2>
D:\Keil\Labware\Lab13_DAC\Lab13.uvproj
Project File Date:  01/02/2020

<h2>Output:</h2>
Build target 'Lab13'
compiling Lab13.c...
compiling Sound.c...
compiling DAC.c...
DAC.c(19): warning:  #550-D: variable "delay" was set but never used
        int delay;
DAC.c: 1 warning, 0 errors
compiling Piano.c...
Piano.c(19): warning:  #550-D: variable "delay" was set but never used
    int delay;
Piano.c: 1 warning, 0 errors
linking...
Program Size: Code=6276 RO-data=9476 RW-data=96 ZI-data=1816  
".\Lab13.axf" - 0 Error(s), 2 Warning(s).
</pre>
</body>
</html>
