<html>
<body>
<pre>
<h1>µVision Build Log</h1>
<h2>Project:</h2>
D:\Keil\Labware\Lab11_UART\Lab11.uvproj
Project File Date:  03/28/2019

<h2>Output:</h2>
Build target 'Lab11'
compiling UART.c...
linking...
Program Size: Code=2880 RO-data=696 RW-data=44 ZI-data=1764  
".\Lab11.axf" - 0 Error(s), 0 Warning(s).
signment in condition
        for(i = 3; i => 0; i--){
UART.c: 1 warning, 1 error
".\Lab11.axf" - 1 Error(s), 1 Warning(s).
Target not created
Error: Could not load file 'D:\Keil\Labware\Lab11_UART\Lab11.axf'. Debugger aborted !
  #520-D: initialization with "{...}" expected for aggregate object
  String[0] = 'a';
UART.c(135): error:  #146: too many initializer values
  String[0] = 'a';
UART.c(178): error:  #167: argument of type "int *" is incompatible with parameter of type "unsigned char *"
    UART_OutString(String);  // output using your function
UART.c(226): error:  #167: argument of type "int *" is incompatible with parameter of type "unsigned char *"
    UART_OutString(String);       // output using your function
UART.c: 1 warning, 6 errors
".\Lab11.axf" - 6 Error(s), 1 Warning(s).
Target not created
Error: Could not load file 'D:\Keil\Labware\Lab11_UART\Lab11.axf'. Debugger aborted !
Error: Could not load file 'D:\Keil\Labware\Lab11_UART\Lab11.axf'. Debugger aborted !
